// Jest Snapshot v1, https://goo.gl/fbAQLP

exports[`main should be test 1`] = `
<h1>
  Hello, world!
</h1>
`;
